// Jest Snapshot v1, https://goo.gl/fbAQLP

exports[`SearchIndex renders correctly 1`] = `
<div
  className="PageWrapper"
>
  <div
    className="PageWrapperMenu"
  />
  <div
    className="PageWrapperContent"
    style={
      Object {
        "padding": "0rem",
      }
    }
  >
    <div>
      <div
        className="SectionBar fixedActions sticky"
      >
        <div
          className="SectionBarHeaderWrapper"
        >
          <div
            className="SectionBarHeader"
          >
            <div
              className="SectionBarTitleWrapper"
            >
              <h5
                className="MuiTypography-root SectionBarTitle MuiTypography-h5"
                onClick={[Function]}
              >
                Search
                 
              </h5>
            </div>
          </div>
          <div
            className="SectionBarActions"
          />
        </div>
      </div>
      <form
        className="AdvancedSearchForm PlainForm compact"
        onSubmit={[Function]}
      >
        <div
          className="PlainFormGroup"
        >
          <div
            className="Field"
            style={Object {}}
          >
            <div
              className="MuiFormControl-root FieldInput MuiFormControl-fullWidth"
            >
              <label
                className="MuiFormLabel-root MuiInputLabel-root MuiInputLabel-formControl MuiInputLabel-animated MuiInputLabel-shrink MuiFormLabel-filled"
                data-shrink={true}
                id="kind-select-label"
              >
                Search
                
              </label>
              <div
                className="MuiInputBase-root MuiInput-root MuiInput-underline MuiInputBase-formControl MuiInput-formControl"
                onClick={[Function]}
              >
                <div
                  aria-haspopup="listbox"
                  aria-labelledby="kind-select-label kind-select"
                  className="MuiSelect-root MuiSelect-select MuiSelect-selectMenu MuiInputBase-input MuiInput-input"
                  id="kind-select"
                  onBlur={[Function]}
                  onFocus={[Function]}
                  onKeyDown={[Function]}
                  onMouseDown={[Function]}
                  role="button"
                  tabIndex={0}
                >
                  Customers
                </div>
                <input
                  aria-hidden={true}
                  className="MuiSelect-nativeInput"
                  onAnimationStart={[Function]}
                  onChange={[Function]}
                  required={false}
                  tabIndex={-1}
                  value="customers"
                />
                <svg
                  aria-hidden={true}
                  className="MuiSvgIcon-root MuiSelect-icon"
                  focusable="false"
                  viewBox="0 0 24 24"
                >
                  <path
                    d="M7 10l5 5 5-5z"
                  />
                </svg>
              </div>
               
            </div>
          </div>
          <div
            className="Field PlainFormField type-search"
            style={Object {}}
          >
            <div
              className="MuiFormControl-root MuiTextField-root FieldInput MuiFormControl-fullWidth"
            >
              <label
                className="MuiFormLabel-root MuiInputLabel-root MuiInputLabel-formControl MuiInputLabel-animated MuiInputLabel-shrink"
                data-shrink={true}
              >
                First Name
                
              </label>
              <div
                className="MuiInputBase-root MuiInput-root MuiInput-underline MuiInputBase-fullWidth MuiInput-fullWidth MuiInputBase-formControl MuiInput-formControl"
                onClick={[Function]}
              >
                <input
                  aria-invalid={false}
                  autoFocus={false}
                  className="MuiInputBase-input MuiInput-input MuiInputBase-inputTypeSearch MuiInput-inputTypeSearch"
                  disabled={false}
                  onAnimationStart={[Function]}
                  onBlur={[Function]}
                  onChange={[Function]}
                  onFocus={[Function]}
                  readOnly={false}
                  required={false}
                  type="search"
                  value=""
                />
              </div>
            </div>
          </div>
          <div
            className="Field PlainFormField type-search"
            style={Object {}}
          >
            <div
              className="MuiFormControl-root MuiTextField-root FieldInput MuiFormControl-fullWidth"
            >
              <label
                className="MuiFormLabel-root MuiInputLabel-root MuiInputLabel-formControl MuiInputLabel-animated MuiInputLabel-shrink"
                data-shrink={true}
              >
                Last Name
                
              </label>
              <div
                className="MuiInputBase-root MuiInput-root MuiInput-underline MuiInputBase-fullWidth MuiInput-fullWidth MuiInputBase-formControl MuiInput-formControl"
                onClick={[Function]}
              >
                <input
                  aria-invalid={false}
                  autoFocus={false}
                  className="MuiInputBase-input MuiInput-input MuiInputBase-inputTypeSearch MuiInput-inputTypeSearch"
                  disabled={false}
                  onAnimationStart={[Function]}
                  onBlur={[Function]}
                  onChange={[Function]}
                  onFocus={[Function]}
                  readOnly={false}
                  required={false}
                  type="search"
                  value=""
                />
              </div>
            </div>
          </div>
          <div
            className="Field PlainFormField type-search"
            style={Object {}}
          >
            <div
              className="MuiFormControl-root MuiTextField-root FieldInput MuiFormControl-fullWidth"
            >
              <label
                className="MuiFormLabel-root MuiInputLabel-root MuiInputLabel-formControl MuiInputLabel-animated MuiInputLabel-shrink"
                data-shrink={true}
              >
                Business Name
                
              </label>
              <div
                className="MuiInputBase-root MuiInput-root MuiInput-underline MuiInputBase-fullWidth MuiInput-fullWidth MuiInputBase-formControl MuiInput-formControl"
                onClick={[Function]}
              >
                <input
                  aria-invalid={false}
                  autoFocus={false}
                  className="MuiInputBase-input MuiInput-input MuiInputBase-inputTypeSearch MuiInput-inputTypeSearch"
                  disabled={false}
                  onAnimationStart={[Function]}
                  onBlur={[Function]}
                  onChange={[Function]}
                  onFocus={[Function]}
                  readOnly={false}
                  required={false}
                  type="search"
                  value=""
                />
              </div>
            </div>
          </div>
        </div>
        <div
          className="PlainFormGroup"
        >
          <div
            className="Field type-search"
            style={Object {}}
          >
            <div
              className="MuiFormControl-root MuiTextField-root FieldInput MuiFormControl-fullWidth"
            >
              <label
                className="MuiFormLabel-root MuiInputLabel-root MuiInputLabel-formControl MuiInputLabel-animated MuiInputLabel-shrink"
                data-shrink={true}
              >
                Email
                
              </label>
              <div
                className="MuiInputBase-root MuiInput-root MuiInput-underline MuiInputBase-fullWidth MuiInput-fullWidth MuiInputBase-formControl MuiInput-formControl"
                onClick={[Function]}
              >
                <input
                  aria-invalid={false}
                  autoFocus={false}
                  className="MuiInputBase-input MuiInput-input MuiInputBase-inputTypeSearch MuiInput-inputTypeSearch"
                  disabled={false}
                  onAnimationStart={[Function]}
                  onBlur={[Function]}
                  onChange={[Function]}
                  onFocus={[Function]}
                  readOnly={false}
                  required={false}
                  type="search"
                  value=""
                />
              </div>
            </div>
          </div>
          <div
            className="Field PlainFormField type-search"
            style={Object {}}
          >
            <div
              actions={
                Array [
                  Object {
                    "label": "Reset",
                    "onClick": [Function],
                    "variant": "outlined",
                  },
                  Object {
                    "label": "Search",
                    "onClick": [Function],
                  },
                ]
              }
              className="MuiFormControl-root MuiTextField-root FieldInput MuiFormControl-fullWidth"
            >
              <label
                className="MuiFormLabel-root MuiInputLabel-root MuiInputLabel-formControl MuiInputLabel-animated MuiInputLabel-shrink"
                data-shrink={true}
              >
                Primary Phone
                
              </label>
              <div
                className="MuiInputBase-root MuiInput-root MuiInput-underline MuiInputBase-fullWidth MuiInput-fullWidth MuiInputBase-formControl MuiInput-formControl"
                onClick={[Function]}
              >
                <input
                  aria-invalid={false}
                  autoFocus={false}
                  className="MuiInputBase-input MuiInput-input MuiInputBase-inputTypeSearch MuiInput-inputTypeSearch"
                  disabled={false}
                  onAnimationStart={[Function]}
                  onBlur={[Function]}
                  onChange={[Function]}
                  onFocus={[Function]}
                  readOnly={false}
                  required={false}
                  type="search"
                  value=""
                />
              </div>
            </div>
            <div
              className="Actions FieldActions"
            >
              <div
                className="ActionsActions responsiveColumn"
              >
                <button
                  className="MuiButtonBase-root MuiButton-root MuiButton-outlined ButtonWrapper ActionsButton responsiveColumn size-small status-undefined variant-outlined MuiButton-outlinedPrimary MuiButton-outlinedSizeSmall MuiButton-sizeSmall"
                  disabled={false}
                  onBlur={[Function]}
                  onClick={[Function]}
                  onDragLeave={[Function]}
                  onFocus={[Function]}
                  onKeyDown={[Function]}
                  onKeyUp={[Function]}
                  onMouseDown={[Function]}
                  onMouseLeave={[Function]}
                  onMouseUp={[Function]}
                  onTouchEnd={[Function]}
                  onTouchMove={[Function]}
                  onTouchStart={[Function]}
                  tabIndex={0}
                  type="button"
                >
                  <span
                    className="MuiButton-label"
                  >
                    Reset
                  </span>
                </button>
                <button
                  className="MuiButtonBase-root MuiButton-root MuiButton-contained ButtonWrapper ActionsButton responsiveColumn size-small status-undefined variant-contained MuiButton-containedPrimary MuiButton-containedSizeSmall MuiButton-sizeSmall"
                  disabled={false}
                  onBlur={[Function]}
                  onClick={[Function]}
                  onDragLeave={[Function]}
                  onFocus={[Function]}
                  onKeyDown={[Function]}
                  onKeyUp={[Function]}
                  onMouseDown={[Function]}
                  onMouseLeave={[Function]}
                  onMouseUp={[Function]}
                  onTouchEnd={[Function]}
                  onTouchMove={[Function]}
                  onTouchStart={[Function]}
                  tabIndex={0}
                  type="button"
                >
                  <span
                    className="MuiButton-label"
                  >
                    Search
                  </span>
                </button>
              </div>
            </div>
          </div>
        </div>
        <button
          className="PlainFormSubmit"
          type="submit"
        >
          Submit
        </button>
      </form>
      <div
        className="InfoTable"
      >
        <div
          className="InfoTableHeader"
        >
          <div
            className="MuiTypography-root InfoTableColumn MuiTypography-body1"
            style={
              Object {
                "flexGrow": 0,
                "flexShrink": 1,
                "width": "16.666666666666668%",
              }
            }
          >
            <span
              className="InfoTableDir"
              onClick={[Function]}
              style={
                Object {
                  "cursor": "pointer",
                  "justifyContent": "flex-start",
                }
              }
            >
              First Name
               
            </span>
          </div>
          <div
            className="MuiTypography-root InfoTableColumn MuiTypography-body1"
            style={
              Object {
                "flexGrow": 0,
                "flexShrink": 1,
                "width": "16.666666666666668%",
              }
            }
          >
            <span
              className="InfoTableDir"
              onClick={[Function]}
              style={
                Object {
                  "cursor": "pointer",
                  "justifyContent": "flex-start",
                }
              }
            >
              Last Name
               
              <svg
                aria-hidden={true}
                className="MuiSvgIcon-root"
                focusable="false"
                viewBox="0 0 24 24"
              >
                <path
                  d="M7 14l5-5 5 5z"
                />
              </svg>
            </span>
          </div>
          <div
            className="MuiTypography-root InfoTableColumn MuiTypography-body1"
            style={
              Object {
                "flexGrow": 0,
                "flexShrink": 1,
                "width": "16.666666666666668%",
              }
            }
          >
            <span
              className="InfoTableDir"
              onClick={[Function]}
              style={
                Object {
                  "cursor": "pointer",
                  "justifyContent": "flex-start",
                }
              }
            >
              Business Name
               
            </span>
          </div>
          <div
            className="MuiTypography-root InfoTableColumn MuiTypography-body1"
            style={
              Object {
                "flexGrow": 0,
                "flexShrink": 1,
                "width": "16.666666666666668%",
              }
            }
          >
            <span
              className="InfoTableDir"
              onClick={[Function]}
              style={
                Object {
                  "cursor": "pointer",
                  "justifyContent": "flex-start",
                }
              }
            >
              Primary Phone
               
            </span>
          </div>
          <div
            className="MuiTypography-root InfoTableColumn MuiTypography-body1"
            style={
              Object {
                "flexGrow": 0,
                "flexShrink": 1,
                "width": "16.666666666666668%",
              }
            }
          >
            <span
              className="InfoTableDir"
              onClick={[Function]}
              style={
                Object {
                  "cursor": "pointer",
                  "justifyContent": "flex-start",
                }
              }
            >
              Email
               
            </span>
          </div>
          <div
            className="MuiTypography-root InfoTableColumn MuiTypography-body1"
            style={
              Object {
                "flexGrow": 0,
                "flexShrink": 1,
                "width": "16.666666666666668%",
              }
            }
          >
            <span
              className="InfoTableDir"
              style={
                Object {
                  "cursor": "default",
                  "justifyContent": "flex-start",
                }
              }
            >
              
               
            </span>
          </div>
        </div>
        <div
          className="InfoTableRow hoverable"
        >
          <div
            className="MuiTypography-root InfoTableItem MuiTypography-body1"
            style={
              Object {
                "cursor": "default",
                "flexGrow": 0,
                "flexShrink": 1,
                "justifyContent": "flex-start",
                "width": "16.666666666666668%",
              }
            }
          >
            <span
              className="InfoTableFake"
            />
          </div>
          <div
            className="MuiTypography-root InfoTableItem MuiTypography-body1"
            style={
              Object {
                "cursor": "default",
                "flexGrow": 0,
                "flexShrink": 1,
                "justifyContent": "flex-start",
                "width": "16.666666666666668%",
              }
            }
          >
            <span
              className="InfoTableFake"
            />
          </div>
          <div
            className="MuiTypography-root InfoTableItem MuiTypography-body1"
            style={
              Object {
                "cursor": "default",
                "flexGrow": 0,
                "flexShrink": 1,
                "justifyContent": "flex-start",
                "width": "16.666666666666668%",
              }
            }
          >
            <span
              className="InfoTableFake"
            />
          </div>
          <div
            className="MuiTypography-root InfoTableItem MuiTypography-body1"
            style={
              Object {
                "cursor": "default",
                "flexGrow": 0,
                "flexShrink": 1,
                "justifyContent": "flex-start",
                "width": "16.666666666666668%",
              }
            }
          >
            <span
              className="InfoTableFake"
            />
          </div>
          <div
            className="MuiTypography-root InfoTableItem MuiTypography-body1"
            style={
              Object {
                "cursor": "default",
                "flexGrow": 0,
                "flexShrink": 1,
                "justifyContent": "flex-start",
                "width": "16.666666666666668%",
              }
            }
          >
            <span
              className="InfoTableFake"
            />
          </div>
          <div
            className="MuiTypography-root InfoTableItem MuiTypography-body1"
            style={
              Object {
                "cursor": "default",
                "flexGrow": 0,
                "flexShrink": 1,
                "justifyContent": "flex-start",
                "width": "16.666666666666668%",
              }
            }
          >
            <span
              className="InfoTableFake"
            />
          </div>
        </div>
        <div
          className="InfoTableRow hoverable"
        >
          <div
            className="MuiTypography-root InfoTableItem MuiTypography-body1"
            style={
              Object {
                "cursor": "default",
                "flexGrow": 0,
                "flexShrink": 1,
                "justifyContent": "flex-start",
                "width": "16.666666666666668%",
              }
            }
          >
            <span
              className="InfoTableFake"
            />
          </div>
          <div
            className="MuiTypography-root InfoTableItem MuiTypography-body1"
            style={
              Object {
                "cursor": "default",
                "flexGrow": 0,
                "flexShrink": 1,
                "justifyContent": "flex-start",
                "width": "16.666666666666668%",
              }
            }
          >
            <span
              className="InfoTableFake"
            />
          </div>
          <div
            className="MuiTypography-root InfoTableItem MuiTypography-body1"
            style={
              Object {
                "cursor": "default",
                "flexGrow": 0,
                "flexShrink": 1,
                "justifyContent": "flex-start",
                "width": "16.666666666666668%",
              }
            }
          >
            <span
              className="InfoTableFake"
            />
          </div>
          <div
            className="MuiTypography-root InfoTableItem MuiTypography-body1"
            style={
              Object {
                "cursor": "default",
                "flexGrow": 0,
                "flexShrink": 1,
                "justifyContent": "flex-start",
                "width": "16.666666666666668%",
              }
            }
          >
            <span
              className="InfoTableFake"
            />
          </div>
          <div
            className="MuiTypography-root InfoTableItem MuiTypography-body1"
            style={
              Object {
                "cursor": "default",
                "flexGrow": 0,
                "flexShrink": 1,
                "justifyContent": "flex-start",
                "width": "16.666666666666668%",
              }
            }
          >
            <span
              className="InfoTableFake"
            />
          </div>
          <div
            className="MuiTypography-root InfoTableItem MuiTypography-body1"
            style={
              Object {
                "cursor": "default",
                "flexGrow": 0,
                "flexShrink": 1,
                "justifyContent": "flex-start",
                "width": "16.666666666666668%",
              }
            }
          >
            <span
              className="InfoTableFake"
            />
          </div>
        </div>
        <div
          className="InfoTableRow hoverable"
        >
          <div
            className="MuiTypography-root InfoTableItem MuiTypography-body1"
            style={
              Object {
                "cursor": "default",
                "flexGrow": 0,
                "flexShrink": 1,
                "justifyContent": "flex-start",
                "width": "16.666666666666668%",
              }
            }
          >
            <span
              className="InfoTableFake"
            />
          </div>
          <div
            className="MuiTypography-root InfoTableItem MuiTypography-body1"
            style={
              Object {
                "cursor": "default",
                "flexGrow": 0,
                "flexShrink": 1,
                "justifyContent": "flex-start",
                "width": "16.666666666666668%",
              }
            }
          >
            <span
              className="InfoTableFake"
            />
          </div>
          <div
            className="MuiTypography-root InfoTableItem MuiTypography-body1"
            style={
              Object {
                "cursor": "default",
                "flexGrow": 0,
                "flexShrink": 1,
                "justifyContent": "flex-start",
                "width": "16.666666666666668%",
              }
            }
          >
            <span
              className="InfoTableFake"
            />
          </div>
          <div
            className="MuiTypography-root InfoTableItem MuiTypography-body1"
            style={
              Object {
                "cursor": "default",
                "flexGrow": 0,
                "flexShrink": 1,
                "justifyContent": "flex-start",
                "width": "16.666666666666668%",
              }
            }
          >
            <span
              className="InfoTableFake"
            />
          </div>
          <div
            className="MuiTypography-root InfoTableItem MuiTypography-body1"
            style={
              Object {
                "cursor": "default",
                "flexGrow": 0,
                "flexShrink": 1,
                "justifyContent": "flex-start",
                "width": "16.666666666666668%",
              }
            }
          >
            <span
              className="InfoTableFake"
            />
          </div>
          <div
            className="MuiTypography-root InfoTableItem MuiTypography-body1"
            style={
              Object {
                "cursor": "default",
                "flexGrow": 0,
                "flexShrink": 1,
                "justifyContent": "flex-start",
                "width": "16.666666666666668%",
              }
            }
          >
            <span
              className="InfoTableFake"
            />
          </div>
        </div>
      </div>
    </div>
  </div>
</div>
`;
