// Jest Snapshot v1, https://goo.gl/fbAQLP

exports[`EmployeeDirectory renders correctly 1`] = `
<div
  className="PageWrapper"
>
  <div
    className="PageWrapperMenu"
  />
  <div
    className="PageWrapperContent"
    style={
      Object {
        "padding": "0rem",
      }
    }
  >
    <div>
      <div
        className="SectionBar fixedActions sticky"
      >
        <div
          className="SectionBarHeaderWrapper"
        >
          <div
            className="SectionBarHeader"
          >
            <div
              className="SectionBarTitleWrapper"
            >
              <h5
                className="MuiTypography-root SectionBarTitle MuiTypography-h5"
                onClick={[Function]}
              >
                Employee Directory
                 
              </h5>
            </div>
          </div>
          <div
            className="SectionBarActions"
          >
            <div
              className="Actions"
            >
              <div
                className="ActionsActions"
              >
                <button
                  className="MuiButtonBase-root MuiButton-root MuiButton-contained ButtonWrapper ActionsButton size-small status-undefined variant-contained MuiButton-containedPrimary MuiButton-containedSizeSmall MuiButton-sizeSmall"
                  disabled={false}
                  onBlur={[Function]}
                  onClick={[Function]}
                  onDragLeave={[Function]}
                  onFocus={[Function]}
                  onKeyDown={[Function]}
                  onKeyUp={[Function]}
                  onMouseDown={[Function]}
                  onMouseLeave={[Function]}
                  onMouseUp={[Function]}
                  onTouchEnd={[Function]}
                  onTouchMove={[Function]}
                  onTouchStart={[Function]}
                  tabIndex={0}
                  type="button"
                >
                  <span
                    className="MuiButton-label"
                  >
                    Employee Departments
                  </span>
                </button>
              </div>
            </div>
            <span
              className=""
            >
              <button
                className="MuiButtonBase-root MuiButton-root MuiButton-contained ButtonWrapper size-small status-undefined variant-contained MuiButton-containedPrimary MuiButton-containedSizeSmall MuiButton-sizeSmall"
                disabled={false}
                onBlur={[Function]}
                onClick={[Function]}
                onDragLeave={[Function]}
                onFocus={[Function]}
                onKeyDown={[Function]}
                onKeyUp={[Function]}
                onMouseDown={[Function]}
                onMouseLeave={[Function]}
                onMouseUp={[Function]}
                onTouchEnd={[Function]}
                onTouchMove={[Function]}
                onTouchStart={[Function]}
                tabIndex={0}
                type="button"
              >
                <span
                  className="MuiButton-label"
                >
                  Print
                </span>
              </button>
            </span>
            <div
              className="PrintPage"
            >
              <div>
                <div
                  className="PrintHeader"
                >
                  <div
                    className="PrintHeader_logo"
                  />
                  <div
                    className="PrintHeader_content"
                  >
                    <div
                      className="PrintParagraph h1"
                      style={
                        Object {
                          "marginTop": 0,
                          "textAlign": "center",
                        }
                      }
                    >
                      Employees
                    </div>
                    <div
                      className="PrintParagraph div"
                      style={
                        Object {
                          "textAlign": "center",
                        }
                      }
                    >
                       
                    </div>
                  </div>
                  <div />
                </div>
                <table
                  className="PrintPage_table"
                >
                  <tbody>
                    <tr>
                      <td>
                        <table
                          className="PrintTable"
                          style={Object {}}
                        >
                          <thead>
                            <tr>
                              <th
                                style={Object {}}
                              >
                                Name
                              </th>
                              <th
                                style={Object {}}
                              >
                                Title
                              </th>
                              <th
                                style={Object {}}
                              >
                                Email
                              </th>
                              <th
                                style={Object {}}
                              >
                                Office, ext.
                              </th>
                              <th
                                style={
                                  Object {
                                    "textAlign": "right",
                                  }
                                }
                              >
                                Cell
                              </th>
                            </tr>
                          </thead>
                          <tbody>
                            <tr>
                              <td
                                style={Object {}}
                              >
                                
                              </td>
                              <td
                                style={Object {}}
                              >
                                
                              </td>
                              <td
                                style={Object {}}
                              >
                                
                              </td>
                              <td
                                style={Object {}}
                              >
                                
                              </td>
                              <td
                                style={
                                  Object {
                                    "textAlign": "right",
                                  }
                                }
                              >
                                
                              </td>
                            </tr>
                            <tr>
                              <td
                                style={Object {}}
                              >
                                
                              </td>
                              <td
                                style={Object {}}
                              >
                                
                              </td>
                              <td
                                style={Object {}}
                              >
                                
                              </td>
                              <td
                                style={Object {}}
                              >
                                
                              </td>
                              <td
                                style={
                                  Object {
                                    "textAlign": "right",
                                  }
                                }
                              >
                                
                              </td>
                            </tr>
                            <tr>
                              <td
                                style={Object {}}
                              >
                                
                              </td>
                              <td
                                style={Object {}}
                              >
                                
                              </td>
                              <td
                                style={Object {}}
                              >
                                
                              </td>
                              <td
                                style={Object {}}
                              >
                                
                              </td>
                              <td
                                style={
                                  Object {
                                    "textAlign": "right",
                                  }
                                }
                              >
                                
                              </td>
                            </tr>
                          </tbody>
                        </table>
                      </td>
                    </tr>
                  </tbody>
                </table>
              </div>
            </div>
          </div>
        </div>
      </div>
      <form
        className="AdvancedSearchForm PlainForm compact"
        onSubmit={[Function]}
      >
        <div
          className="PlainFormGroup"
        >
          <div
            className="Field type-search"
            style={Object {}}
          >
            <div
              className="MuiFormControl-root MuiTextField-root FieldInput MuiFormControl-fullWidth"
            >
              <label
                className="MuiFormLabel-root MuiInputLabel-root MuiInputLabel-formControl MuiInputLabel-animated MuiInputLabel-shrink"
                data-shrink={true}
              >
                First Name
                
              </label>
              <div
                className="MuiInputBase-root MuiInput-root MuiInput-underline MuiInputBase-fullWidth MuiInput-fullWidth MuiInputBase-formControl MuiInput-formControl"
                onClick={[Function]}
              >
                <input
                  aria-invalid={false}
                  autoFocus={false}
                  className="MuiInputBase-input MuiInput-input MuiInputBase-inputTypeSearch MuiInput-inputTypeSearch"
                  disabled={false}
                  onAnimationStart={[Function]}
                  onBlur={[Function]}
                  onChange={[Function]}
                  onFocus={[Function]}
                  readOnly={false}
                  required={false}
                  type="search"
                  value=""
                />
              </div>
            </div>
          </div>
          <div
            className="Field PlainFormField type-search"
            style={Object {}}
          >
            <div
              className="MuiFormControl-root MuiTextField-root FieldInput MuiFormControl-fullWidth"
            >
              <label
                className="MuiFormLabel-root MuiInputLabel-root MuiInputLabel-formControl MuiInputLabel-animated MuiInputLabel-shrink"
                data-shrink={true}
              >
                Last Name
                
              </label>
              <div
                className="MuiInputBase-root MuiInput-root MuiInput-underline MuiInputBase-fullWidth MuiInput-fullWidth MuiInputBase-formControl MuiInput-formControl"
                onClick={[Function]}
              >
                <input
                  aria-invalid={false}
                  autoFocus={false}
                  className="MuiInputBase-input MuiInput-input MuiInputBase-inputTypeSearch MuiInput-inputTypeSearch"
                  disabled={false}
                  onAnimationStart={[Function]}
                  onBlur={[Function]}
                  onChange={[Function]}
                  onFocus={[Function]}
                  readOnly={false}
                  required={false}
                  type="search"
                  value=""
                />
              </div>
            </div>
          </div>
          <div
            className="Field PlainFormField"
            style={Object {}}
          >
            <div
              className="MuiFormControl-root FieldInput MuiFormControl-fullWidth"
            >
              <label
                className="MuiFormLabel-root MuiInputLabel-root MuiInputLabel-formControl MuiInputLabel-animated MuiInputLabel-shrink MuiFormLabel-filled"
                data-shrink={true}
                id="employeeDepartmentId-select-label"
              >
                Department
                
              </label>
              <div
                className="MuiInputBase-root MuiInput-root MuiInput-underline MuiInputBase-formControl MuiInput-formControl"
                onClick={[Function]}
              >
                <div
                  aria-haspopup="listbox"
                  aria-labelledby="employeeDepartmentId-select-label employeeDepartmentId-select"
                  className="MuiSelect-root MuiSelect-select MuiSelect-selectMenu MuiInputBase-input MuiInput-input"
                  id="employeeDepartmentId-select"
                  onBlur={[Function]}
                  onFocus={[Function]}
                  onKeyDown={[Function]}
                  onMouseDown={[Function]}
                  role="button"
                  tabIndex={0}
                >
                  -- All --
                </div>
                <input
                  aria-hidden={true}
                  className="MuiSelect-nativeInput"
                  onAnimationStart={[Function]}
                  onChange={[Function]}
                  required={false}
                  tabIndex={-1}
                  value={-1}
                />
                <svg
                  aria-hidden={true}
                  className="MuiSvgIcon-root MuiSelect-icon"
                  focusable="false"
                  viewBox="0 0 24 24"
                >
                  <path
                    d="M7 10l5 5 5-5z"
                  />
                </svg>
              </div>
               
            </div>
          </div>
          <div
            className="Field PlainFormField type-search"
            style={Object {}}
          >
            <div
              className="MuiFormControl-root MuiTextField-root FieldInput MuiFormControl-fullWidth"
            >
              <label
                className="MuiFormLabel-root MuiInputLabel-root MuiInputLabel-formControl MuiInputLabel-animated MuiInputLabel-shrink"
                data-shrink={true}
              >
                Title
                
              </label>
              <div
                className="MuiInputBase-root MuiInput-root MuiInput-underline MuiInputBase-fullWidth MuiInput-fullWidth MuiInputBase-formControl MuiInput-formControl"
                onClick={[Function]}
              >
                <input
                  aria-invalid={false}
                  autoFocus={false}
                  className="MuiInputBase-input MuiInput-input MuiInputBase-inputTypeSearch MuiInput-inputTypeSearch"
                  disabled={false}
                  onAnimationStart={[Function]}
                  onBlur={[Function]}
                  onChange={[Function]}
                  onFocus={[Function]}
                  readOnly={false}
                  required={false}
                  type="search"
                  value=""
                />
              </div>
            </div>
          </div>
        </div>
        <div
          className="PlainFormGroup"
        >
          <div
            className="Field type-search"
            style={Object {}}
          >
            <div
              className="MuiFormControl-root MuiTextField-root FieldInput MuiFormControl-fullWidth"
            >
              <label
                className="MuiFormLabel-root MuiInputLabel-root MuiInputLabel-formControl MuiInputLabel-animated MuiInputLabel-shrink"
                data-shrink={true}
              >
                Email
                
              </label>
              <div
                className="MuiInputBase-root MuiInput-root MuiInput-underline MuiInputBase-fullWidth MuiInput-fullWidth MuiInputBase-formControl MuiInput-formControl"
                onClick={[Function]}
              >
                <input
                  aria-invalid={false}
                  autoFocus={false}
                  className="MuiInputBase-input MuiInput-input MuiInputBase-inputTypeSearch MuiInput-inputTypeSearch"
                  disabled={false}
                  onAnimationStart={[Function]}
                  onBlur={[Function]}
                  onChange={[Function]}
                  onFocus={[Function]}
                  readOnly={false}
                  required={false}
                  type="search"
                  value=""
                />
              </div>
            </div>
          </div>
          <div
            className="Field PlainFormField type-search"
            style={Object {}}
          >
            <div
              className="MuiFormControl-root MuiTextField-root FieldInput MuiFormControl-fullWidth"
            >
              <label
                className="MuiFormLabel-root MuiInputLabel-root MuiInputLabel-formControl MuiInputLabel-animated MuiInputLabel-shrink"
                data-shrink={true}
              >
                Cell
                
              </label>
              <div
                className="MuiInputBase-root MuiInput-root MuiInput-underline MuiInputBase-fullWidth MuiInput-fullWidth MuiInputBase-formControl MuiInput-formControl"
                onClick={[Function]}
              >
                <input
                  aria-invalid={false}
                  autoFocus={false}
                  className="MuiInputBase-input MuiInput-input MuiInputBase-inputTypeSearch MuiInput-inputTypeSearch"
                  disabled={false}
                  onAnimationStart={[Function]}
                  onBlur={[Function]}
                  onChange={[Function]}
                  onFocus={[Function]}
                  readOnly={false}
                  required={false}
                  type="search"
                  value=""
                />
              </div>
            </div>
          </div>
          <div
            className="Field PlainFormField type-search"
            style={Object {}}
          >
            <div
              className="MuiFormControl-root MuiTextField-root FieldInput MuiFormControl-fullWidth"
            >
              <label
                className="MuiFormLabel-root MuiInputLabel-root MuiInputLabel-formControl MuiInputLabel-animated MuiInputLabel-shrink"
                data-shrink={true}
              >
                Office
                
              </label>
              <div
                className="MuiInputBase-root MuiInput-root MuiInput-underline MuiInputBase-fullWidth MuiInput-fullWidth MuiInputBase-formControl MuiInput-formControl"
                onClick={[Function]}
              >
                <input
                  aria-invalid={false}
                  autoFocus={false}
                  className="MuiInputBase-input MuiInput-input MuiInputBase-inputTypeSearch MuiInput-inputTypeSearch"
                  disabled={false}
                  onAnimationStart={[Function]}
                  onBlur={[Function]}
                  onChange={[Function]}
                  onFocus={[Function]}
                  readOnly={false}
                  required={false}
                  type="search"
                  value=""
                />
              </div>
            </div>
          </div>
          <div
            className="Field PlainFormField type-search"
            style={Object {}}
          >
            <div
              actions={
                Array [
                  Object {
                    "label": "Reset",
                    "onClick": [Function],
                    "variant": "outlined",
                  },
                ]
              }
              className="MuiFormControl-root MuiTextField-root FieldInput MuiFormControl-fullWidth"
            >
              <label
                className="MuiFormLabel-root MuiInputLabel-root MuiInputLabel-formControl MuiInputLabel-animated MuiInputLabel-shrink"
                data-shrink={true}
              >
                Ext.
                
              </label>
              <div
                className="MuiInputBase-root MuiInput-root MuiInput-underline MuiInputBase-fullWidth MuiInput-fullWidth MuiInputBase-formControl MuiInput-formControl"
                onClick={[Function]}
              >
                <input
                  aria-invalid={false}
                  autoFocus={false}
                  className="MuiInputBase-input MuiInput-input MuiInputBase-inputTypeSearch MuiInput-inputTypeSearch"
                  disabled={false}
                  onAnimationStart={[Function]}
                  onBlur={[Function]}
                  onChange={[Function]}
                  onFocus={[Function]}
                  readOnly={false}
                  required={false}
                  type="search"
                  value=""
                />
              </div>
            </div>
            <div
              className="Actions FieldActions"
            >
              <div
                className="ActionsActions responsiveColumn"
              >
                <button
                  className="MuiButtonBase-root MuiButton-root MuiButton-outlined ButtonWrapper ActionsButton responsiveColumn size-small status-undefined variant-outlined MuiButton-outlinedPrimary MuiButton-outlinedSizeSmall MuiButton-sizeSmall"
                  disabled={false}
                  onBlur={[Function]}
                  onClick={[Function]}
                  onDragLeave={[Function]}
                  onFocus={[Function]}
                  onKeyDown={[Function]}
                  onKeyUp={[Function]}
                  onMouseDown={[Function]}
                  onMouseLeave={[Function]}
                  onMouseUp={[Function]}
                  onTouchEnd={[Function]}
                  onTouchMove={[Function]}
                  onTouchStart={[Function]}
                  tabIndex={0}
                  type="button"
                >
                  <span
                    className="MuiButton-label"
                  >
                    Reset
                  </span>
                </button>
              </div>
            </div>
          </div>
        </div>
        <button
          className="PlainFormSubmit"
          type="submit"
        >
          Submit
        </button>
      </form>
      <div
        className="InfoTable"
      >
        <div
          className="InfoTableHeader"
        >
          <div
            className="MuiTypography-root InfoTableColumn MuiTypography-body1"
            style={
              Object {
                "flexGrow": 0,
                "flexShrink": 1,
                "width": "20%",
              }
            }
          >
            <span
              className="InfoTableDir"
              onClick={[Function]}
              style={
                Object {
                  "cursor": "pointer",
                  "justifyContent": "flex-start",
                }
              }
            >
              Name
               
              <svg
                aria-hidden={true}
                className="MuiSvgIcon-root"
                focusable="false"
                viewBox="0 0 24 24"
              >
                <path
                  d="M7 14l5-5 5 5z"
                />
              </svg>
            </span>
          </div>
          <div
            className="MuiTypography-root InfoTableColumn MuiTypography-body1"
            style={
              Object {
                "flexGrow": 0,
                "flexShrink": 1,
                "width": "20%",
              }
            }
          >
            <span
              className="InfoTableDir"
              onClick={[Function]}
              style={
                Object {
                  "cursor": "pointer",
                  "justifyContent": "flex-start",
                }
              }
            >
              Title
               
            </span>
          </div>
          <div
            className="MuiTypography-root InfoTableColumn MuiTypography-body1"
            style={
              Object {
                "flexGrow": 0,
                "flexShrink": 1,
                "width": "20%",
              }
            }
          >
            <span
              className="InfoTableDir"
              onClick={[Function]}
              style={
                Object {
                  "cursor": "pointer",
                  "justifyContent": "flex-start",
                }
              }
            >
              Email
               
            </span>
          </div>
          <div
            className="MuiTypography-root InfoTableColumn MuiTypography-body1"
            style={
              Object {
                "flexGrow": 0,
                "flexShrink": 1,
                "width": "20%",
              }
            }
          >
            <span
              className="InfoTableDir"
              onClick={[Function]}
              style={
                Object {
                  "cursor": "pointer",
                  "justifyContent": "flex-start",
                }
              }
            >
              Office, ext.
               
            </span>
          </div>
          <div
            className="MuiTypography-root InfoTableColumn MuiTypography-body1"
            style={
              Object {
                "flexGrow": 0,
                "flexShrink": 1,
                "width": "20%",
              }
            }
          >
            <span
              className="InfoTableDir"
              onClick={[Function]}
              style={
                Object {
                  "cursor": "pointer",
                  "justifyContent": "flex-start",
                }
              }
            >
              Cell
               
            </span>
          </div>
        </div>
        <div
          className="InfoTableRow hoverable"
        >
          <div
            className="MuiTypography-root InfoTableItem MuiTypography-body1"
            style={
              Object {
                "cursor": "default",
                "flexGrow": 0,
                "flexShrink": 1,
                "justifyContent": "flex-start",
                "width": "20%",
              }
            }
          >
            <span
              className="InfoTableFake"
            />
          </div>
          <div
            className="MuiTypography-root InfoTableItem MuiTypography-body1"
            style={
              Object {
                "cursor": "default",
                "flexGrow": 0,
                "flexShrink": 1,
                "justifyContent": "flex-start",
                "width": "20%",
              }
            }
          >
            <span
              className="InfoTableFake"
            />
          </div>
          <div
            className="MuiTypography-root InfoTableItem MuiTypography-body1"
            style={
              Object {
                "cursor": "default",
                "flexGrow": 0,
                "flexShrink": 1,
                "justifyContent": "flex-start",
                "width": "20%",
              }
            }
          >
            <span
              className="InfoTableFake"
            />
          </div>
          <div
            className="MuiTypography-root InfoTableItem MuiTypography-body1"
            style={
              Object {
                "cursor": "default",
                "flexGrow": 0,
                "flexShrink": 1,
                "justifyContent": "flex-start",
                "width": "20%",
              }
            }
          >
            <span
              className="InfoTableFake"
            />
          </div>
          <div
            className="MuiTypography-root InfoTableItem MuiTypography-body1"
            style={
              Object {
                "cursor": "default",
                "flexGrow": 0,
                "flexShrink": 1,
                "justifyContent": "flex-start",
                "width": "20%",
              }
            }
          >
            <span
              className="InfoTableFake"
            />
          </div>
        </div>
        <div
          className="InfoTableRow hoverable"
        >
          <div
            className="MuiTypography-root InfoTableItem MuiTypography-body1"
            style={
              Object {
                "cursor": "default",
                "flexGrow": 0,
                "flexShrink": 1,
                "justifyContent": "flex-start",
                "width": "20%",
              }
            }
          >
            <span
              className="InfoTableFake"
            />
          </div>
          <div
            className="MuiTypography-root InfoTableItem MuiTypography-body1"
            style={
              Object {
                "cursor": "default",
                "flexGrow": 0,
                "flexShrink": 1,
                "justifyContent": "flex-start",
                "width": "20%",
              }
            }
          >
            <span
              className="InfoTableFake"
            />
          </div>
          <div
            className="MuiTypography-root InfoTableItem MuiTypography-body1"
            style={
              Object {
                "cursor": "default",
                "flexGrow": 0,
                "flexShrink": 1,
                "justifyContent": "flex-start",
                "width": "20%",
              }
            }
          >
            <span
              className="InfoTableFake"
            />
          </div>
          <div
            className="MuiTypography-root InfoTableItem MuiTypography-body1"
            style={
              Object {
                "cursor": "default",
                "flexGrow": 0,
                "flexShrink": 1,
                "justifyContent": "flex-start",
                "width": "20%",
              }
            }
          >
            <span
              className="InfoTableFake"
            />
          </div>
          <div
            className="MuiTypography-root InfoTableItem MuiTypography-body1"
            style={
              Object {
                "cursor": "default",
                "flexGrow": 0,
                "flexShrink": 1,
                "justifyContent": "flex-start",
                "width": "20%",
              }
            }
          >
            <span
              className="InfoTableFake"
            />
          </div>
        </div>
        <div
          className="InfoTableRow hoverable"
        >
          <div
            className="MuiTypography-root InfoTableItem MuiTypography-body1"
            style={
              Object {
                "cursor": "default",
                "flexGrow": 0,
                "flexShrink": 1,
                "justifyContent": "flex-start",
                "width": "20%",
              }
            }
          >
            <span
              className="InfoTableFake"
            />
          </div>
          <div
            className="MuiTypography-root InfoTableItem MuiTypography-body1"
            style={
              Object {
                "cursor": "default",
                "flexGrow": 0,
                "flexShrink": 1,
                "justifyContent": "flex-start",
                "width": "20%",
              }
            }
          >
            <span
              className="InfoTableFake"
            />
          </div>
          <div
            className="MuiTypography-root InfoTableItem MuiTypography-body1"
            style={
              Object {
                "cursor": "default",
                "flexGrow": 0,
                "flexShrink": 1,
                "justifyContent": "flex-start",
                "width": "20%",
              }
            }
          >
            <span
              className="InfoTableFake"
            />
          </div>
          <div
            className="MuiTypography-root InfoTableItem MuiTypography-body1"
            style={
              Object {
                "cursor": "default",
                "flexGrow": 0,
                "flexShrink": 1,
                "justifyContent": "flex-start",
                "width": "20%",
              }
            }
          >
            <span
              className="InfoTableFake"
            />
          </div>
          <div
            className="MuiTypography-root InfoTableItem MuiTypography-body1"
            style={
              Object {
                "cursor": "default",
                "flexGrow": 0,
                "flexShrink": 1,
                "justifyContent": "flex-start",
                "width": "20%",
              }
            }
          >
            <span
              className="InfoTableFake"
            />
          </div>
        </div>
      </div>
    </div>
  </div>
</div>
`;
