// Jest Snapshot v1, https://goo.gl/fbAQLP

exports[`CustomerDetails renders correctly 1`] = `
<div
  className="PageWrapper"
>
  <div
    className="PageWrapperMenu"
  />
  <div
    className="PageWrapperContent"
    style={
      Object {
        "padding": "0rem",
      }
    }
  >
    <div
      className="CustomerInformation"
    >
      <div
        className="CustomerInformationCustomerInformation"
      >
        <div
          className="SectionBar collapsable sticky"
        >
          <div
            className="SectionBarHeaderWrapper"
          >
            <div
              className="SectionBarHeader"
            >
              <div
                className="SectionBarTitleWrapper collapsable"
              >
                <h5
                  className="MuiTypography-root SectionBarTitle MuiTypography-h5"
                  onClick={[Function]}
                >
                  Customer Information
                   
                  <svg
                    aria-hidden={true}
                    className="MuiSvgIcon-root"
                    focusable="false"
                    viewBox="0 0 24 24"
                  >
                    <path
                      d="M16.59 8.59L12 13.17 7.41 8.59 6 10l6 6 6-6z"
                    />
                  </svg>
                </h5>
              </div>
            </div>
            <div
              className="SectionBarActions"
            >
              <div
                className="Actions"
              >
                <div
                  className="ActionsActions"
                >
                  <a
                    className="ButtonLink"
                    href="https://app.kalosflorida.com/index.cfm?action=admin:service.calendar&calendarAction=week&userIds=2573"
                  >
                    <button
                      className="MuiButtonBase-root MuiButton-root MuiButton-contained ButtonWrapper ActionsButton size-small status-undefined variant-contained MuiButton-containedPrimary MuiButton-containedSizeSmall MuiButton-sizeSmall"
                      disabled={false}
                      onBlur={[Function]}
                      onDragLeave={[Function]}
                      onFocus={[Function]}
                      onKeyDown={[Function]}
                      onKeyUp={[Function]}
                      onMouseDown={[Function]}
                      onMouseLeave={[Function]}
                      onMouseUp={[Function]}
                      onTouchEnd={[Function]}
                      onTouchMove={[Function]}
                      onTouchStart={[Function]}
                      tabIndex={0}
                      type="button"
                    >
                      <span
                        className="MuiButton-label"
                      >
                        Calendar
                      </span>
                    </button>
                  </a>
                  <a
                    className="ButtonLink"
                    href="https://app.kalosflorida.com/index.cfm?action=admin:customers.userslist&id=2573"
                  >
                    <button
                      className="MuiButtonBase-root MuiButton-root MuiButton-contained ButtonWrapper ActionsButton size-small status-undefined variant-contained MuiButton-containedPrimary MuiButton-containedSizeSmall MuiButton-sizeSmall"
                      disabled={false}
                      onBlur={[Function]}
                      onDragLeave={[Function]}
                      onFocus={[Function]}
                      onKeyDown={[Function]}
                      onKeyUp={[Function]}
                      onMouseDown={[Function]}
                      onMouseLeave={[Function]}
                      onMouseUp={[Function]}
                      onTouchEnd={[Function]}
                      onTouchMove={[Function]}
                      onTouchStart={[Function]}
                      tabIndex={0}
                      type="button"
                    >
                      <span
                        className="MuiButton-label"
                      >
                        Users
                      </span>
                    </button>
                  </a>
                  <a
                    className="ButtonLink"
                    href="https://app.kalosflorida.com/index.cfm?action=admin:customers.listPhoneCallLogs&code=customers&id=2573"
                  >
                    <button
                      className="MuiButtonBase-root MuiButton-root MuiButton-contained ButtonWrapper ActionsButton size-small status-undefined variant-contained MuiButton-containedPrimary MuiButton-containedSizeSmall MuiButton-sizeSmall"
                      disabled={false}
                      onBlur={[Function]}
                      onDragLeave={[Function]}
                      onFocus={[Function]}
                      onKeyDown={[Function]}
                      onKeyUp={[Function]}
                      onMouseDown={[Function]}
                      onMouseLeave={[Function]}
                      onMouseUp={[Function]}
                      onTouchEnd={[Function]}
                      onTouchMove={[Function]}
                      onTouchStart={[Function]}
                      tabIndex={0}
                      type="button"
                    >
                      <span
                        className="MuiButton-label"
                      >
                        Call History
                      </span>
                    </button>
                  </a>
                  <a
                    className="ButtonLink"
                    href="https://app.kalosflorida.com/index.cfm?action=admin:tasks.list&code=customers&id=2573"
                  >
                    <button
                      className="MuiButtonBase-root MuiButton-root MuiButton-contained ButtonWrapper ActionsButton size-small status-undefined variant-contained MuiButton-containedPrimary MuiButton-containedSizeSmall MuiButton-sizeSmall"
                      disabled={false}
                      onBlur={[Function]}
                      onDragLeave={[Function]}
                      onFocus={[Function]}
                      onKeyDown={[Function]}
                      onKeyUp={[Function]}
                      onMouseDown={[Function]}
                      onMouseLeave={[Function]}
                      onMouseUp={[Function]}
                      onTouchEnd={[Function]}
                      onTouchMove={[Function]}
                      onTouchStart={[Function]}
                      tabIndex={0}
                      type="button"
                    >
                      <span
                        className="MuiButton-label"
                      >
                        Tasks
                      </span>
                    </button>
                  </a>
                  <button
                    className="MuiButtonBase-root MuiButton-root MuiButton-contained ButtonWrapper ActionsButton size-small status-undefined variant-contained MuiButton-containedPrimary MuiButton-containedSizeSmall MuiButton-sizeSmall"
                    disabled={false}
                    onBlur={[Function]}
                    onClick={[Function]}
                    onDragLeave={[Function]}
                    onFocus={[Function]}
                    onKeyDown={[Function]}
                    onKeyUp={[Function]}
                    onMouseDown={[Function]}
                    onMouseLeave={[Function]}
                    onMouseUp={[Function]}
                    onTouchEnd={[Function]}
                    onTouchMove={[Function]}
                    onTouchStart={[Function]}
                    tabIndex={0}
                    type="button"
                  >
                    <span
                      className="MuiButton-label"
                    >
                      Add Notification
                    </span>
                  </button>
                  <button
                    className="MuiButtonBase-root MuiButton-root MuiButton-contained ButtonWrapper ActionsButton size-small status-undefined variant-contained MuiButton-containedPrimary MuiButton-containedSizeSmall MuiButton-sizeSmall"
                    disabled={false}
                    onBlur={[Function]}
                    onClick={[Function]}
                    onDragLeave={[Function]}
                    onFocus={[Function]}
                    onKeyDown={[Function]}
                    onKeyUp={[Function]}
                    onMouseDown={[Function]}
                    onMouseLeave={[Function]}
                    onMouseUp={[Function]}
                    onTouchEnd={[Function]}
                    onTouchMove={[Function]}
                    onTouchStart={[Function]}
                    tabIndex={0}
                    type="button"
                  >
                    <span
                      className="MuiButton-label"
                    >
                      Edit
                    </span>
                  </button>
                  <button
                    className="MuiButtonBase-root MuiButton-root MuiButton-contained ButtonWrapper ActionsButton size-small status-undefined variant-contained MuiButton-containedPrimary MuiButton-containedSizeSmall MuiButton-sizeSmall"
                    disabled={false}
                    onBlur={[Function]}
                    onClick={[Function]}
                    onDragLeave={[Function]}
                    onFocus={[Function]}
                    onKeyDown={[Function]}
                    onKeyUp={[Function]}
                    onMouseDown={[Function]}
                    onMouseLeave={[Function]}
                    onMouseUp={[Function]}
                    onTouchEnd={[Function]}
                    onTouchMove={[Function]}
                    onTouchStart={[Function]}
                    tabIndex={0}
                    type="button"
                  >
                    <span
                      className="MuiButton-label"
                    >
                      Delete
                    </span>
                  </button>
                </div>
              </div>
            </div>
          </div>
        </div>
        <div
          className="InfoTable"
        >
          <div
            className="InfoTableRow hoverable"
          >
            <div
              className="MuiTypography-root InfoTableItem MuiTypography-body1"
              style={
                Object {
                  "cursor": "default",
                  "flexGrow": 0,
                  "flexShrink": 1,
                  "justifyContent": "flex-start",
                  "width": "50%",
                }
              }
            >
              <strong
                className="InfoTableLabel"
              >
                Name
                : 
              </strong>
              <span
                className="InfoTableFake"
              />
            </div>
            <div
              className="MuiTypography-root InfoTableItem MuiTypography-body1"
              style={
                Object {
                  "cursor": "default",
                  "flexGrow": 0,
                  "flexShrink": 1,
                  "justifyContent": "flex-start",
                  "width": "50%",
                }
              }
            >
              <strong
                className="InfoTableLabel"
              >
                Business Name
                : 
              </strong>
              <span
                className="InfoTableFake"
              />
            </div>
          </div>
          <div
            className="InfoTableRow hoverable"
          >
            <div
              className="MuiTypography-root InfoTableItem MuiTypography-body1"
              style={
                Object {
                  "cursor": "default",
                  "flexGrow": 0,
                  "flexShrink": 1,
                  "justifyContent": "flex-start",
                  "width": "50%",
                }
              }
            >
              <strong
                className="InfoTableLabel"
              >
                Primary Phone
                : 
              </strong>
              <span
                className="InfoTableFake"
              />
            </div>
            <div
              className="MuiTypography-root InfoTableItem MuiTypography-body1"
              style={
                Object {
                  "cursor": "default",
                  "flexGrow": 0,
                  "flexShrink": 1,
                  "justifyContent": "flex-start",
                  "width": "50%",
                }
              }
            >
              <strong
                className="InfoTableLabel"
              >
                Cell Phone
                : 
              </strong>
              <span
                className="InfoTableFake"
              />
            </div>
          </div>
          <div
            className="InfoTableRow hoverable"
          >
            <div
              className="MuiTypography-root InfoTableItem MuiTypography-body1"
              style={
                Object {
                  "cursor": "default",
                  "flexGrow": 0,
                  "flexShrink": 1,
                  "justifyContent": "flex-start",
                  "width": "50%",
                }
              }
            >
              <strong
                className="InfoTableLabel"
              >
                Alternate Phone
                : 
              </strong>
              <span
                className="InfoTableFake"
              />
            </div>
            <div
              className="MuiTypography-root InfoTableItem MuiTypography-body1"
              style={
                Object {
                  "cursor": "default",
                  "flexGrow": 0,
                  "flexShrink": 1,
                  "justifyContent": "flex-start",
                  "width": "50%",
                }
              }
            >
              <strong
                className="InfoTableLabel"
              >
                Fax
                : 
              </strong>
              <span
                className="InfoTableFake"
              />
            </div>
          </div>
          <div
            className="InfoTableRow hoverable"
          >
            <div
              className="MuiTypography-root InfoTableItem MuiTypography-body1"
              style={
                Object {
                  "cursor": "default",
                  "flexGrow": 0,
                  "flexShrink": 1,
                  "justifyContent": "flex-start",
                  "width": "50%",
                }
              }
            >
              <strong
                className="InfoTableLabel"
              >
                Billing Address
                : 
              </strong>
              <span
                className="InfoTableFake"
              />
            </div>
            <div
              className="MuiTypography-root InfoTableItem MuiTypography-body1"
              style={
                Object {
                  "cursor": "default",
                  "flexGrow": 0,
                  "flexShrink": 1,
                  "justifyContent": "flex-start",
                  "width": "50%",
                }
              }
            >
              <strong
                className="InfoTableLabel"
              >
                Email
                : 
              </strong>
              <span
                className="InfoTableFake"
              />
            </div>
          </div>
          <div
            className="InfoTableRow hoverable"
          >
            <div
              className="MuiTypography-root InfoTableItem MuiTypography-body1"
              style={
                Object {
                  "cursor": "default",
                  "flexGrow": 0,
                  "flexShrink": 1,
                  "justifyContent": "flex-start",
                  "width": "100%",
                }
              }
            >
              <strong
                className="InfoTableLabel"
              >
                Billing Terms
                : 
              </strong>
              <span
                className="InfoTableFake"
              />
            </div>
          </div>
          <div
            className="InfoTableRow hoverable"
          >
            <div
              className="MuiTypography-root InfoTableItem MuiTypography-body1"
              style={
                Object {
                  "cursor": "default",
                  "flexGrow": 0,
                  "flexShrink": 1,
                  "justifyContent": "flex-start",
                  "width": "50%",
                }
              }
            >
              <strong
                className="InfoTableLabel"
              >
                Customer Notes
                : 
              </strong>
              <span
                className="InfoTableFake"
              />
            </div>
            <div
              className="MuiTypography-root InfoTableItem MuiTypography-body1"
              style={
                Object {
                  "cursor": "default",
                  "flexGrow": 0,
                  "flexShrink": 1,
                  "justifyContent": "flex-start",
                  "width": "50%",
                }
              }
            >
              <strong
                className="InfoTableLabel"
              >
                Internal Notes
                : 
              </strong>
              <span
                className="InfoTableFake"
              />
            </div>
          </div>
          <div
            className="InfoTableRow hoverable"
          >
            <div
              className="MuiTypography-root InfoTableItem MuiTypography-body1"
              style={
                Object {
                  "cursor": "default",
                  "flexGrow": 0,
                  "flexShrink": 1,
                  "justifyContent": "flex-start",
                  "width": "50%",
                }
              }
            >
              <strong
                className="InfoTableLabel"
              >
                Groups
                : 
              </strong>
              <span
                className="InfoTableFake"
              />
            </div>
            <div
              className="MuiTypography-root InfoTableItem MuiTypography-body1"
              style={
                Object {
                  "cursor": "default",
                  "flexGrow": 0,
                  "flexShrink": 1,
                  "justifyContent": "flex-start",
                  "width": "50%",
                }
              }
            >
              <strong
                className="InfoTableLabel"
              >
                Referred By
                : 
              </strong>
              <span
                className="InfoTableFake"
              />
            </div>
          </div>
        </div>
      </div>
      <div
        className="CustomerInformationAsidePanel"
      >
        <div
          className="SectionBar collapsable sticky"
        >
          <div
            className="SectionBarHeaderWrapper"
          >
            <div
              className="SectionBarHeader"
            >
              <div
                className="SectionBarTitleWrapper collapsable"
              >
                <h5
                  className="MuiTypography-root SectionBarTitle MuiTypography-h5"
                  onClick={[Function]}
                >
                  System Information
                   
                  <svg
                    aria-hidden={true}
                    className="MuiSvgIcon-root"
                    focusable="false"
                    viewBox="0 0 24 24"
                  >
                    <path
                      d="M16.59 8.59L12 13.17 7.41 8.59 6 10l6 6 6-6z"
                    />
                  </svg>
                </h5>
              </div>
            </div>
            <div
              className="SectionBarActions"
            />
          </div>
        </div>
        <div
          className="InfoTable"
        >
          <div
            className="InfoTableRow hoverable"
          >
            <div
              className="MuiTypography-root InfoTableItem MuiTypography-body1"
              style={
                Object {
                  "cursor": "default",
                  "flexGrow": 0,
                  "flexShrink": 1,
                  "justifyContent": "flex-start",
                  "width": "100%",
                }
              }
            >
              <strong
                className="InfoTableLabel"
              >
                Created
                : 
              </strong>
              <span
                className="InfoTableFake"
              />
            </div>
          </div>
          <div
            className="InfoTableRow hoverable"
          >
            <div
              className="MuiTypography-root InfoTableItem MuiTypography-body1"
              style={
                Object {
                  "cursor": "default",
                  "flexGrow": 0,
                  "flexShrink": 1,
                  "justifyContent": "flex-start",
                  "width": "100%",
                }
              }
            >
              <strong
                className="InfoTableLabel"
              >
                Last Login
                : 
              </strong>
              <span
                className="InfoTableFake"
              />
            </div>
          </div>
          <div
            className="InfoTableRow hoverable"
          >
            <div
              className="MuiTypography-root InfoTableItem MuiTypography-body1"
              style={
                Object {
                  "cursor": "default",
                  "flexGrow": 0,
                  "flexShrink": 1,
                  "justifyContent": "flex-start",
                  "width": "100%",
                }
              }
            >
              <strong
                className="InfoTableLabel"
              >
                Login ID
                : 
              </strong>
              <span
                className="InfoTableFake"
              />
            </div>
          </div>
          <div
            className="InfoTableRow hoverable"
          >
            <div
              className="MuiTypography-root InfoTableItem MuiTypography-body1"
              style={
                Object {
                  "cursor": "default",
                  "flexGrow": 0,
                  "flexShrink": 1,
                  "justifyContent": "flex-start",
                  "width": "100%",
                }
              }
            >
              <strong
                className="InfoTableLabel"
              >
                Wishes to receive promotional emails
                : 
              </strong>
              <span
                className="InfoTableFake"
              />
            </div>
          </div>
        </div>
        <div
          className="CustomerInformationPendingBilling SectionBar collapsable sticky"
        >
          <div
            className="SectionBarHeaderWrapper"
          >
            <div
              className="SectionBarHeader"
            >
              <div
                className="SectionBarTitleWrapper collapsable"
              >
                <h5
                  className="MuiTypography-root SectionBarTitle MuiTypography-h5"
                  onClick={[Function]}
                >
                  Pending Billing
                   
                  <svg
                    aria-hidden={true}
                    className="MuiSvgIcon-root"
                    focusable="false"
                    viewBox="0 0 24 24"
                  >
                    <path
                      d="M16.59 8.59L12 13.17 7.41 8.59 6 10l6 6 6-6z"
                    />
                  </svg>
                </h5>
              </div>
            </div>
            <div
              className="SectionBarActions"
            >
              <div
                className="Actions"
              >
                <div
                  className="ActionsActions"
                >
                  <button
                    className="MuiButtonBase-root MuiButton-root MuiButton-contained ButtonWrapper ActionsButton size-small status-undefined variant-contained disabled MuiButton-containedPrimary MuiButton-containedSizeSmall MuiButton-sizeSmall Mui-disabled Mui-disabled"
                    disabled={true}
                    onBlur={[Function]}
                    onDragLeave={[Function]}
                    onFocus={[Function]}
                    onKeyDown={[Function]}
                    onKeyUp={[Function]}
                    onMouseDown={[Function]}
                    onMouseLeave={[Function]}
                    onMouseUp={[Function]}
                    onTouchEnd={[Function]}
                    onTouchMove={[Function]}
                    onTouchStart={[Function]}
                    tabIndex={-1}
                    type="button"
                  >
                    <span
                      className="MuiButton-label"
                    >
                      None
                    </span>
                  </button>
                </div>
              </div>
            </div>
          </div>
        </div>
        <div
          className="InfoTable"
        >
          <div
            className="InfoTableRow hoverable"
          >
            <div
              className="MuiTypography-root InfoTableItem MuiTypography-body1"
              style={
                Object {
                  "cursor": "default",
                  "flexGrow": 0,
                  "flexShrink": 1,
                  "justifyContent": "flex-start",
                  "width": "100%",
                }
              }
            >
              <strong
                className="InfoTableLabel"
              >
                Record Count
                : 
              </strong>
              <span
                className="InfoTableFake"
              />
            </div>
          </div>
        </div>
      </div>
    </div>
    <div
      className="ContractInfo"
    >
      <div
        className="ContractInfoPanel"
      >
        <div
          className="ContractInfoAddContract SectionBar sticky"
        >
          <div
            className="SectionBarHeaderWrapper"
          >
            <div
              className="SectionBarHeader"
            >
              <div
                className="SectionBarTitleWrapper"
              >
                <h5
                  className="MuiTypography-root SectionBarTitle MuiTypography-h5"
                  onClick={[Function]}
                >
                  Contract Info
                   
                </h5>
              </div>
            </div>
            <div
              className="SectionBarActions"
            >
              <div
                className="Actions"
              >
                <div
                  className="ActionsActions"
                >
                  <a
                    className="ButtonLink"
                    href="https://app.kalosflorida.com/index.cfm?action=admin:contracts.add&user_id=2573"
                  >
                    <button
                      className="MuiButtonBase-root MuiButton-root MuiButton-contained ButtonWrapper ActionsButton size-small status-undefined variant-contained MuiButton-containedPrimary MuiButton-containedSizeSmall MuiButton-sizeSmall"
                      disabled={false}
                      onBlur={[Function]}
                      onDragLeave={[Function]}
                      onFocus={[Function]}
                      onKeyDown={[Function]}
                      onKeyUp={[Function]}
                      onMouseDown={[Function]}
                      onMouseLeave={[Function]}
                      onMouseUp={[Function]}
                      onTouchEnd={[Function]}
                      onTouchMove={[Function]}
                      onTouchStart={[Function]}
                      tabIndex={0}
                      type="button"
                    >
                      <span
                        className="MuiButton-label"
                      >
                        Add
                      </span>
                    </button>
                  </a>
                </div>
              </div>
            </div>
          </div>
        </div>
        <div
          className="PropertiesWrapper"
        >
          <div
            className="PropertiesProperties"
          >
            <div
              className="SectionBar collapsable sticky"
            >
              <div
                className="SectionBarHeaderWrapper"
              >
                <div
                  className="SectionBarHeader"
                >
                  <div
                    className="SectionBarTitleWrapper collapsable"
                  >
                    <h5
                      className="MuiTypography-root SectionBarTitle MuiTypography-h5"
                      onClick={[Function]}
                    >
                      Properties
                       
                      <svg
                        aria-hidden={true}
                        className="MuiSvgIcon-root"
                        focusable="false"
                        viewBox="0 0 24 24"
                      >
                        <path
                          d="M16.59 8.59L12 13.17 7.41 8.59 6 10l6 6 6-6z"
                        />
                      </svg>
                    </h5>
                  </div>
                </div>
                <div
                  className="SectionBarActions"
                >
                  <div
                    className="Actions"
                  >
                    <div
                      className="ActionsActions"
                    >
                      <button
                        className="MuiButtonBase-root MuiButton-root MuiButton-contained ButtonWrapper ActionsButton size-small status-undefined variant-contained MuiButton-containedPrimary MuiButton-containedSizeSmall MuiButton-sizeSmall"
                        disabled={false}
                        onBlur={[Function]}
                        onClick={[Function]}
                        onDragLeave={[Function]}
                        onFocus={[Function]}
                        onKeyDown={[Function]}
                        onKeyUp={[Function]}
                        onMouseDown={[Function]}
                        onMouseLeave={[Function]}
                        onMouseUp={[Function]}
                        onTouchEnd={[Function]}
                        onTouchMove={[Function]}
                        onTouchStart={[Function]}
                        tabIndex={0}
                        type="button"
                      >
                        <span
                          className="MuiButton-label"
                        >
                          Add
                        </span>
                      </button>
                    </div>
                  </div>
                </div>
              </div>
            </div>
            <form
              className="PlainForm"
              onSubmit={[Function]}
            >
              <div
                className="PlainFormGroup"
              >
                <div
                  className="Field type-search"
                  style={Object {}}
                >
                  <div
                    className="MuiFormControl-root MuiTextField-root FieldInput MuiFormControl-fullWidth"
                  >
                    <label
                      className="MuiFormLabel-root MuiInputLabel-root MuiInputLabel-formControl MuiInputLabel-animated MuiInputLabel-shrink"
                      data-shrink={true}
                    >
                      Address
                      
                    </label>
                    <div
                      className="MuiInputBase-root MuiInput-root MuiInput-underline MuiInputBase-fullWidth MuiInput-fullWidth MuiInputBase-formControl MuiInput-formControl"
                      onClick={[Function]}
                    >
                      <input
                        aria-invalid={false}
                        autoFocus={false}
                        className="MuiInputBase-input MuiInput-input MuiInputBase-inputTypeSearch MuiInput-inputTypeSearch"
                        disabled={false}
                        onAnimationStart={[Function]}
                        onBlur={[Function]}
                        onChange={[Function]}
                        onFocus={[Function]}
                        readOnly={false}
                        required={false}
                        type="search"
                        value=""
                      />
                    </div>
                  </div>
                </div>
                <div
                  className="Field PlainFormField type-search"
                  style={Object {}}
                >
                  <div
                    className="MuiFormControl-root MuiTextField-root FieldInput MuiFormControl-fullWidth"
                  >
                    <label
                      className="MuiFormLabel-root MuiInputLabel-root MuiInputLabel-formControl MuiInputLabel-animated MuiInputLabel-shrink"
                      data-shrink={true}
                    >
                      Neighborhood
                      
                    </label>
                    <div
                      className="MuiInputBase-root MuiInput-root MuiInput-underline MuiInputBase-fullWidth MuiInput-fullWidth MuiInputBase-formControl MuiInput-formControl"
                      onClick={[Function]}
                    >
                      <input
                        aria-invalid={false}
                        autoFocus={false}
                        className="MuiInputBase-input MuiInput-input MuiInputBase-inputTypeSearch MuiInput-inputTypeSearch"
                        disabled={false}
                        onAnimationStart={[Function]}
                        onBlur={[Function]}
                        onChange={[Function]}
                        onFocus={[Function]}
                        readOnly={false}
                        required={false}
                        type="search"
                        value=""
                      />
                    </div>
                  </div>
                </div>
                <div
                  className="Field PlainFormField type-search"
                  style={Object {}}
                >
                  <div
                    className="MuiFormControl-root MuiTextField-root FieldInput MuiFormControl-fullWidth"
                  >
                    <label
                      className="MuiFormLabel-root MuiInputLabel-root MuiInputLabel-formControl MuiInputLabel-animated MuiInputLabel-shrink"
                      data-shrink={true}
                    >
                      City
                      
                    </label>
                    <div
                      className="MuiInputBase-root MuiInput-root MuiInput-underline MuiInputBase-fullWidth MuiInput-fullWidth MuiInputBase-formControl MuiInput-formControl"
                      onClick={[Function]}
                    >
                      <input
                        aria-invalid={false}
                        autoFocus={false}
                        className="MuiInputBase-input MuiInput-input MuiInputBase-inputTypeSearch MuiInput-inputTypeSearch"
                        disabled={false}
                        onAnimationStart={[Function]}
                        onBlur={[Function]}
                        onChange={[Function]}
                        onFocus={[Function]}
                        readOnly={false}
                        required={false}
                        type="search"
                        value=""
                      />
                    </div>
                  </div>
                </div>
                <div
                  className="Field PlainFormField type-search"
                  style={Object {}}
                >
                  <div
                    className="MuiFormControl-root MuiTextField-root FieldInput MuiFormControl-fullWidth"
                  >
                    <label
                      className="MuiFormLabel-root MuiInputLabel-root MuiInputLabel-formControl MuiInputLabel-animated MuiInputLabel-shrink"
                      data-shrink={true}
                    >
                      State
                      
                    </label>
                    <div
                      className="MuiInputBase-root MuiInput-root MuiInput-underline MuiInputBase-fullWidth MuiInput-fullWidth MuiInputBase-formControl MuiInput-formControl"
                      onClick={[Function]}
                    >
                      <input
                        aria-invalid={false}
                        autoFocus={false}
                        className="MuiInputBase-input MuiInput-input MuiInputBase-inputTypeSearch MuiInput-inputTypeSearch"
                        disabled={false}
                        onAnimationStart={[Function]}
                        onBlur={[Function]}
                        onChange={[Function]}
                        onFocus={[Function]}
                        readOnly={false}
                        required={false}
                        type="search"
                        value=""
                      />
                    </div>
                  </div>
                </div>
                <div
                  className="Field PlainFormField type-search"
                  style={Object {}}
                >
                  <div
                    actions={
                      Array [
                        Object {
                          "label": "Search",
                          "onClick": [Function],
                        },
                      ]
                    }
                    className="MuiFormControl-root MuiTextField-root FieldInput MuiFormControl-fullWidth"
                  >
                    <label
                      className="MuiFormLabel-root MuiInputLabel-root MuiInputLabel-formControl MuiInputLabel-animated MuiInputLabel-shrink"
                      data-shrink={true}
                    >
                      Zip
                      
                    </label>
                    <div
                      className="MuiInputBase-root MuiInput-root MuiInput-underline MuiInputBase-fullWidth MuiInput-fullWidth MuiInputBase-formControl MuiInput-formControl"
                      onClick={[Function]}
                    >
                      <input
                        aria-invalid={false}
                        autoFocus={false}
                        className="MuiInputBase-input MuiInput-input MuiInputBase-inputTypeSearch MuiInput-inputTypeSearch"
                        disabled={false}
                        onAnimationStart={[Function]}
                        onBlur={[Function]}
                        onChange={[Function]}
                        onFocus={[Function]}
                        readOnly={false}
                        required={false}
                        type="search"
                        value=""
                      />
                    </div>
                  </div>
                  <div
                    className="Actions FieldActions"
                  >
                    <div
                      className="ActionsActions responsiveColumn"
                    >
                      <button
                        className="MuiButtonBase-root MuiButton-root MuiButton-contained ButtonWrapper ActionsButton responsiveColumn size-small status-undefined variant-contained MuiButton-containedPrimary MuiButton-containedSizeSmall MuiButton-sizeSmall"
                        disabled={false}
                        onBlur={[Function]}
                        onClick={[Function]}
                        onDragLeave={[Function]}
                        onFocus={[Function]}
                        onKeyDown={[Function]}
                        onKeyUp={[Function]}
                        onMouseDown={[Function]}
                        onMouseLeave={[Function]}
                        onMouseUp={[Function]}
                        onTouchEnd={[Function]}
                        onTouchMove={[Function]}
                        onTouchStart={[Function]}
                        tabIndex={0}
                        type="button"
                      >
                        <span
                          className="MuiButton-label"
                        >
                          Search
                        </span>
                      </button>
                    </div>
                  </div>
                </div>
              </div>
              <button
                className="PlainFormSubmit"
                type="submit"
              >
                Submit
              </button>
            </form>
            <div
              className="InfoTable"
            >
              <div
                className="InfoTableHeader"
              >
                <div
                  className="MuiTypography-root InfoTableColumn MuiTypography-body1"
                  style={
                    Object {
                      "flexGrow": 0,
                      "flexShrink": 1,
                      "width": "25%",
                    }
                  }
                >
                  <span
                    className="InfoTableDir"
                    style={
                      Object {
                        "cursor": "default",
                        "justifyContent": "flex-start",
                      }
                    }
                  >
                    Address
                     
                  </span>
                </div>
                <div
                  className="MuiTypography-root InfoTableColumn MuiTypography-body1"
                  style={
                    Object {
                      "flexGrow": 0,
                      "flexShrink": 1,
                      "width": "25%",
                    }
                  }
                >
                  <span
                    className="InfoTableDir"
                    style={
                      Object {
                        "cursor": "default",
                        "justifyContent": "flex-start",
                      }
                    }
                  >
                    Neighborhood
                     
                  </span>
                </div>
                <div
                  className="MuiTypography-root InfoTableColumn MuiTypography-body1"
                  style={
                    Object {
                      "flexGrow": 0,
                      "flexShrink": 1,
                      "width": "25%",
                    }
                  }
                >
                  <span
                    className="InfoTableDir"
                    style={
                      Object {
                        "cursor": "default",
                        "justifyContent": "flex-start",
                      }
                    }
                  >
                    City, State
                     
                  </span>
                </div>
                <div
                  className="MuiTypography-root InfoTableColumn MuiTypography-body1"
                  style={
                    Object {
                      "flexGrow": 0,
                      "flexShrink": 1,
                      "width": "25%",
                    }
                  }
                >
                  <span
                    className="InfoTableDir"
                    style={
                      Object {
                        "cursor": "default",
                        "justifyContent": "flex-start",
                      }
                    }
                  >
                    Zip
                     
                  </span>
                </div>
              </div>
              <div
                className="InfoTableRow hoverable"
              >
                <p
                  className="MuiTypography-root InfoTableNoEntries MuiTypography-body1"
                >
                  No entries found.
                </p>
              </div>
            </div>
          </div>
        </div>
      </div>
      <div
        className="ContractInfoAsidePanel"
      />
    </div>
  </div>
</div>
`;
